// Jest Snapshot v1, https://goo.gl/fbAQLP

exports[`FieldFormatEditor should render normally 1`] = `
<Fragment>
  <Suspense
    fallback={
      <EuiDelayRender
        delay={500}
      >
        <EuiLoadingContent
          lines={4}
          style={
            Object {
              "display": "block",
              "marginTop": 8,
            }
          }
        />
      </EuiDelayRender>
    }
  >
    <lazy
      fieldType="number"
      format={Object {}}
      formatParams={Object {}}
      onChange={[Function]}
      onError={[Function]}
    />
  </Suspense>
</Fragment>
`;

exports[`FieldFormatEditor should render nothing if there is no editor for the format 1`] = `
<Fragment>
  <Suspense
    fallback={
      <EuiDelayRender
        delay={500}
      >
        <EuiLoadingContent
          lines={4}
          style={
            Object {
              "display": "block",
              "marginTop": 8,
            }
          }
        />
      </EuiDelayRender>
    }
  >
    <lazy
      fieldType="number"
      format={Object {}}
      formatParams={Object {}}
      onChange={[Function]}
      onError={[Function]}
    />
  </Suspense>
</Fragment>
`;
